// Jest Snapshot v1, https://goo.gl/fbAQLP

exports[`pruebas en el componente <AddCategory/> debe de mostrarse correctamente 1`] = `
<form
  onSubmit={[Function]}
>
  <p />
  <input
    onChange={[Function]}
    placeholder="Buscar Gifs"
    type="text"
    value=""
  />
</form>
`;
