// Jest Snapshot v1, https://goo.gl/fbAQLP

exports[`pruebas en <GifGridItem/> debe mostrar el componente correctamente 1`] = `
<div
  className="card animate__animated animate__bounceInUp"
>
  <img
    alt="el titulo"
    src="el url"
  />
  <p>
    el titulo
  </p>
</div>
`;
