// Jest Snapshot v1, https://goo.gl/fbAQLP

exports[`pruebas en el componente de GifGrid debe coincidir la renderizacion con el snapshot 1`] = `
<Fragment>
  <h3
    className="animate__animated animate__animated"
  >
    <span>
      naruto
    </span>
  </h3>
  <p
    className="animate__animated animate__flash"
  >
    Loading
  </p>
  <div
    className="card-grid"
  />
</Fragment>
`;
